// Vitest Snapshot v1, https://vitest.dev/guide/snapshot.html

exports[`scene colours > beach paints a fixed set of colours 1`] = `
[
  "#2f7fae",
  "#323424",
  "#4c8955",
  "#60a769",
  "#63a8cd",
  "#75562c",
  "#769a59",
  "#85b169",
  "#8d5a2b",
  "#8d5d2d",
  "#95733a",
  "#9a723d",
  "#a58658",
  "#a7783a",
  "#b28846",
  "#d3ac71",
  "#dbe5ee",
  "#e76f51",
  "#eaf4f7",
  "#ecdaaf",
  "#f0b429",
  "#fdf6ec",
  "#ffd166",
  "#ffd166aa",
  "#fff3b0",
  "#ffffff",
]
`;

exports[`scene colours > cafe paints a fixed set of colours 1`] = `
[
  "#2f3438",
  "#3f4449",
  "#4a3a2c",
  "#52b788",
  "#5c6167",
  "#5d5249",
  "#63564d",
  "#6b4226",
  "#6e441f",
  "#85625b",
  "#8d5a2b",
  "#8d9299",
  "#a17965",
  "#ac845b",
  "#b68b70",
  "#c68b51",
  "#c9c2b4",
  "#d4b358",
  "#d9c8a8",
  "#d9cdb6",
  "#deccad",
  "#e76f51",
  "#fdf6ec",
  "#ffd166",
]
`;

exports[`scene colours > city paints a fixed set of colours 1`] = `
[
  "#181f32",
  "#191d2a",
  "#1a1c23",
  "#1b1b1f",
  "#212532",
  "#24262f",
  "#252c44",
  "#26272c",
  "#2e3550",
  "#303548",
  "#383b4b",
  "#3e3f4d",
  "#40435e",
  "#4d4e67",
  "#56556e",
  "#88653a",
  "#a38d6a",
  "#c58b37",
  "#d7dee0",
  "#fafafa",
  "#fde68a66",
]
`;

exports[`scene colours > forest paints a fixed set of colours 1`] = `
[
  "#273634",
  "#3c6b5e",
  "#468549",
  "#489171",
  "#498057",
  "#4a806b",
  "#57877a",
  "#5aab5d",
  "#5f4243",
  "#5fa489",
  "#659685",
  "#716866",
  "#7ac08e",
  "#81c0aa",
  "#82554c",
  "#86c99f",
  "#8bbf81",
  "#8c766c",
  "#97d5b7",
  "#b5cab0",
  "#dbe5ee",
  "#f0b429",
  "#ffd166",
  "#ffd16688",
  "#fff3b0",
  "#ffffff",
]
`;

exports[`scene colours > grocery paints a fixed set of colours 1`] = `
[
  "#2e3634",
  "#313234",
  "#38393b",
  "#3f4a44",
  "#3f7a5a",
  "#555661",
  "#558db5",
  "#5a5b5b",
  "#5c9a3f",
  "#5e6a63",
  "#5f6161",
  "#63a869",
  "#75777e",
  "#75a1be",
  "#80b684",
  "#827f9a",
  "#8d948e",
  "#9672af",
  "#9896aa",
  "#9aa39c",
  "#9fd6a0",
  "#a07f4d",
  "#a0a7a8",
  "#a78cba",
  "#aab9bc",
  "#b4d2de",
  "#bb6a55",
  "#c38675",
  "#c4463a",
  "#c6cece",
  "#c9a36a",
  "#cfd5d0",
  "#cfd8d2",
  "#d46055",
  "#d67f75",
  "#dfecee",
  "#e09d47",
  "#e0ad6a",
  "#e1e5e0",
  "#e2e6e0",
  "#ead27b",
  "#eecd5d",
  "#eef4ee",
  "#ffffff",
  "#ffffff66",
]
`;

exports[`scene colours > library paints a fixed set of colours 1`] = `
[
  "#201516",
  "#271a1b",
  "#2e1f1e",
  "#2e7d32",
  "#323f5d",
  "#332322",
  "#35503f",
  "#3c3f54",
  "#3e2723",
  "#3f4d3d",
  "#413b36",
  "#483c36",
  "#542b2d",
  "#56302f",
  "#5a314e",
  "#5b3549",
  "#685c39",
  "#6b4226",
  "#6b643a",
  "#6e441f",
  "#71352e",
  "#78312c",
  "#7b512b",
  "#845628",
  "#875844",
  "#8d5a2b",
  "#8f6f4f",
  "#936048",
  "#9e7d57",
  "#d9c8a8",
  "#fdf6ec",
  "#ffe082",
  "#ffe08277",
]
`;

exports[`scene colours > mountain paints a fixed set of colours 1`] = `
[
  "#2e3839",
  "#374748",
  "#42383e",
  "#436c63",
  "#525365",
  "#555866",
  "#5cb582",
  "#5f6e72",
  "#664349",
  "#67636b",
  "#686c7c",
  "#688b88",
  "#696b82",
  "#7bc29f",
  "#826b73",
  "#82809f",
  "#858a9f",
  "#868d9c",
  "#8c949a",
  "#a09db2",
  "#acb5c8",
  "#afb1c4",
  "#b4bec5",
  "#c4ccdd",
  "#d8e1e4",
  "#dae4eb",
  "#dbe5ee",
  "#eaf4fd",
  "#f1f7fc",
  "#f6f9fb",
  "#fafafa",
  "#ffffff",
]
`;

exports[`scene colours > space paints a fixed set of colours 1`] = `
[
  "#312e49",
  "#363916",
  "#3c3a51",
  "#3f3b5e",
  "#414809",
  "#454560",
  "#4c1d95",
  "#4d4a68",
  "#545869",
  "#696283",
  "#6c6c86",
  "#7c3aed",
  "#7c3aed88",
  "#847d98",
  "#878b9b",
  "#8b6fd0",
  "#a855f7",
  "#c084fc",
  "#c26bd9",
  "#d9c2f5",
  "#e9d5ff",
  "#f0abfc",
]
`;
